============================================================
RM     : outputs/correct_rm_buggy_gemma2/run_20260327_120144/checkpoints/best_model
Policy : google/gemma-2-2b-it
Output : outputs/policy_ppo/policy_20260331_152309
Device : cuda
============================================================

Loaded 9330 prompts from local_datasets/buggy_tqa_train.csv
Building policy...
Building frozen reference policy...
Loading reward model...
Loaded RM from: outputs/correct_rm_buggy_gemma2/run_20260327_120144/checkpoints/best_model
Starting PPO — 5000 total rollout steps over 9330 unique prompts

[policy] step=200/5000  reward=-3.7363  kl=-3.1798  kl_coef=0.37969  pg=0.1487  vf=0.9713  t=21.8s
[policy] step=400/5000  reward=-0.9917  kl=4.9383  kl_coef=1.00000  pg=0.0000  vf=0.8531  t=21.7s
[policy] step=600/5000  reward=-1.0371  kl=4.8498  kl_coef=1.00000  pg=-0.0000  vf=0.8463  t=21.8s
[policy] step=800/5000  reward=-1.0723  kl=4.7795  kl_coef=1.00000  pg=-0.0000  vf=0.9005  t=22.0s
[policy] step=1000/5000  reward=-0.9438  kl=4.7677  kl_coef=1.00000  pg=-0.0000  vf=0.9083  t=21.8s
  Saved checkpoint → outputs/policy_ppo/policy_20260331_152309/checkpoint_step1000
[policy] step=1200/5000  reward=-1.1230  kl=4.8142  kl_coef=1.00000  pg=-0.0000  vf=0.8984  t=21.7s
[policy] step=1400/5000  reward=-1.1870  kl=4.6168  kl_coef=1.00000  pg=-0.0000  vf=0.9251  t=21.6s
[policy] step=1600/5000  reward=-1.0693  kl=4.8848  kl_coef=1.00000  pg=0.0000  vf=0.8502  t=21.8s
[policy] step=1800/5000  reward=-1.1138  kl=4.8885  kl_coef=1.00000  pg=-0.0000  vf=0.8539  t=21.2s
[policy] step=2000/5000  reward=-1.1196  kl=4.7930  kl_coef=1.00000  pg=-0.0000  vf=0.8336  t=21.3s
  Saved checkpoint → outputs/policy_ppo/policy_20260331_152309/checkpoint_step2000
[policy] step=2200/5000  reward=-0.9141  kl=5.0029  kl_coef=1.00000  pg=-0.0000  vf=0.8082  t=21.6s
[policy] step=2400/5000  reward=-1.1929  kl=4.5969  kl_coef=1.00000  pg=-0.0000  vf=0.9036  t=21.6s
[policy] step=2600/5000  reward=-1.1660  kl=4.6930  kl_coef=1.00000  pg=0.0000  vf=0.8154  t=21.9s
[policy] step=2800/5000  reward=-1.1855  kl=4.6822  kl_coef=1.00000  pg=0.0000  vf=0.8725  t=21.9s
[policy] step=3000/5000  reward=-1.0081  kl=4.6361  kl_coef=1.00000  pg=-0.0000  vf=0.8924  t=21.8s
  Saved checkpoint → outputs/policy_ppo/policy_20260331_152309/checkpoint_step3000
[policy] step=3200/5000  reward=-1.0256  kl=4.6472  kl_coef=1.00000  pg=0.0000  vf=0.8703  t=21.8s
[policy] step=3400/5000  reward=-0.9333  kl=4.6163  kl_coef=1.00000  pg=-0.0000  vf=0.8081  t=21.4s
[policy] step=3600/5000  reward=-1.1323  kl=4.7829  kl_coef=1.00000  pg=0.0000  vf=0.8812  t=21.8s
[policy] step=3800/5000  reward=-1.1099  kl=4.7766  kl_coef=1.00000  pg=0.0000  vf=0.8253  t=21.9s
[policy] step=4000/5000  reward=-0.9800  kl=4.6435  kl_coef=1.00000  pg=-0.0000  vf=0.8515  t=21.9s
  Saved checkpoint → outputs/policy_ppo/policy_20260331_152309/checkpoint_step4000
[policy] step=4200/5000  reward=-1.1108  kl=4.5490  kl_coef=1.00000  pg=0.0000  vf=0.8167  t=21.7s
[policy] step=4400/5000  reward=-0.9026  kl=4.6356  kl_coef=1.00000  pg=0.0000  vf=0.9424  t=22.1s
[policy] step=4600/5000  reward=-1.0146  kl=4.8063  kl_coef=1.00000  pg=0.0000  vf=0.8493  t=21.4s
[policy] step=4800/5000  reward=-0.8920  kl=4.6118  kl_coef=1.00000  pg=-0.0000  vf=0.8793  t=22.1s
[policy] step=5000/5000  reward=-0.8499  kl=5.0224  kl_coef=1.00000  pg=-0.0000  vf=0.8370  t=21.7s
  Saved checkpoint → outputs/policy_ppo/policy_20260331_152309/checkpoint_step5000

Done. policy model saved to outputs/policy_ppo/policy_20260331_152309/final_model
